2026-05-31T21:32:08.335Z	place	aztec-empire	no-exact-label
2026-05-31T21:32:08.365Z	place	aztec-empire	no-exact-label
2026-05-31T21:32:22.323Z	place	seleucid-empire	no-exact-label
2026-05-31T21:32:22.364Z	place	seleucid-empire	no-exact-label
2026-05-31T21:32:37.976Z	place	macedonian-empire	no-exact-label
2026-05-31T21:32:38.008Z	place	macedonian-empire	no-exact-label
2026-05-31T21:37:50.171Z	place	maurya-empire	no-exact-label
2026-05-31T21:37:50.192Z	place	maurya-empire	no-exact-label
2026-05-31T21:38:58.741Z	place	ptolemaic-kingdom	wrong-type
2026-05-31T21:38:58.882Z	place	ptolemaic-kingdom	wrong-type
2026-06-01T01:33:53.565Z	place	ptolemaic-kingdom	query-failed
2026-06-01T01:33:53.573Z	place	ptolemaic-kingdom	query-failed
2026-06-01T01:33:56.679Z	place	ptolemaic-kingdom	query-failed
2026-06-01T01:33:56.697Z	place	ptolemaic-kingdom	query-failed
2026-06-01T01:44:37.802Z	place	byzantine-empire	query-failed
2026-06-01T01:44:39.051Z	place	byzantine-empire	no-exact-label
2026-06-01T01:47:47.504Z	place	ptolemaic-kingdom	query-failed
2026-06-01T14:14:35.078Z	place	mali-empire	no-enwiki
2026-06-01T14:14:35.604Z	place	ptolemaic-kingdom	query-failed
2026-06-01T14:14:36.572Z	place	habsburg-monarchy	query-failed
2026-06-01T14:14:38.371Z	event	black-death	query-failed
2026-06-01T14:14:38.376Z	event	mongol-invasion-of-europe	query-failed
2026-06-01T14:14:38.377Z	event	age-of-discovery	query-failed
2026-06-01T14:14:38.378Z	event	crusades	query-failed
2026-06-01T14:14:38.471Z	event	battle-of-marathon	query-failed
2026-06-01T14:14:38.748Z	person	kublai-khan	query-failed
2026-06-01T14:14:38.758Z	person	ramesses-ii	query-failed
2026-06-01T14:14:38.774Z	person	suleiman-the-magnificent	query-failed
2026-06-01T14:14:38.792Z	person	akbar	query-failed
2026-06-01T14:14:38.810Z	place	macedonian-empire	query-failed
2026-06-01T14:14:38.829Z	person	cyrus-the-great	query-failed
2026-06-01T14:14:38.834Z	person	hannibal	query-failed
2026-06-01T14:14:38.836Z	place	achaemenid-empire	query-failed
2026-06-01T14:14:39.598Z	event	black-death	no-exact-label
2026-06-01T14:14:39.602Z	event	age-of-discovery	no-exact-label
2026-06-01T14:14:39.604Z	event	mongol-invasion-of-europe	no-exact-label
2026-06-01T14:14:39.610Z	event	crusades	no-exact-label
2026-06-01T14:14:39.739Z	event	battle-of-marathon	no-exact-label
2026-06-01T14:14:40.040Z	person	kublai-khan	no-exact-label
2026-06-01T14:14:40.054Z	person	suleiman-the-magnificent	no-exact-label
2026-06-01T14:14:40.058Z	person	ramesses-ii	no-exact-label
2026-06-01T14:14:40.062Z	person	akbar	no-exact-label
2026-06-01T14:14:40.064Z	place	macedonian-empire	no-exact-label
2026-06-01T14:14:40.067Z	person	cyrus-the-great	no-exact-label
2026-06-01T14:14:40.068Z	person	hannibal	no-exact-label
2026-06-01T14:14:40.074Z	place	achaemenid-empire	no-exact-label
2026-06-01T14:14:43.206Z	place	inca-empire	query-failed
2026-06-01T14:14:43.258Z	place	republic-of-venice	query-failed
2026-06-01T14:14:43.261Z	place	delhi-sultanate	query-failed
2026-06-01T14:14:43.263Z	place	kingdom-of-scotland	query-failed
2026-06-01T14:14:43.265Z	place	aztec-empire	query-failed
2026-06-01T14:14:43.269Z	place	kingdom-of-france	query-failed
2026-06-01T14:14:43.270Z	place	papal-states	query-failed
2026-06-01T14:14:43.271Z	place	kingdom-of-england	query-failed
2026-06-01T14:14:44.432Z	place	inca-empire	no-exact-label
2026-06-01T14:14:44.494Z	place	republic-of-venice	no-exact-label
2026-06-01T14:14:44.496Z	place	delhi-sultanate	no-exact-label
2026-06-01T14:14:44.500Z	place	kingdom-of-scotland	no-exact-label
2026-06-01T14:14:44.503Z	place	aztec-empire	no-exact-label
2026-06-01T14:14:44.509Z	place	kingdom-of-france	no-exact-label
2026-06-01T14:14:44.511Z	place	papal-states	no-exact-label
2026-06-01T14:14:44.513Z	place	kingdom-of-england	no-exact-label
2026-06-01T14:14:47.168Z	place	poland	query-failed
2026-06-01T14:14:47.169Z	place	polishlithuanian-commonwealth	query-failed
2026-06-01T14:14:47.174Z	place	mughal-empire	query-failed
2026-06-01T14:14:47.176Z	place	vijayanagara-empire	query-failed
2026-06-01T14:14:47.178Z	place	safavid-dynasty	query-failed
2026-06-01T14:14:47.179Z	place	safavid-empire	query-failed
2026-06-01T14:14:47.180Z	place	ottoman-empire	query-failed
2026-06-01T14:14:47.191Z	place	polish-lithuanian-commonwealth	query-failed
2026-06-01T14:14:48.394Z	place	poland	no-exact-label
2026-06-01T14:14:48.397Z	place	polishlithuanian-commonwealth	no-exact-label
2026-06-01T14:14:48.404Z	place	mughal-empire	no-exact-label
2026-06-01T14:14:48.426Z	place	safavid-dynasty	no-exact-label
2026-06-01T14:14:48.428Z	place	vijayanagara-empire	no-exact-label
2026-06-01T14:14:48.429Z	place	ottoman-empire	no-exact-label
2026-06-01T14:14:48.430Z	place	polish-lithuanian-commonwealth	no-exact-label
2026-06-01T14:14:48.433Z	place	safavid-empire	no-exact-label
2026-06-01T14:14:51.562Z	place	france	query-failed
2026-06-01T14:14:51.671Z	place	united-kingdom	query-failed
2026-06-01T14:14:51.679Z	place	mexico	query-failed
2026-06-01T14:14:51.681Z	place	united-states	query-failed
2026-06-01T14:14:51.699Z	place	confederate-states-of-america	query-failed
2026-06-01T14:14:51.701Z	place	german-empire	query-failed
2026-06-01T14:14:51.712Z	place	nazi-germany	query-failed
2026-06-01T14:14:51.718Z	place	austria-hungary	query-failed
2026-06-01T14:14:52.793Z	place	france	no-exact-label
2026-06-01T14:14:52.899Z	place	united-kingdom	no-exact-label
2026-06-01T14:14:52.914Z	place	mexico	no-exact-label
2026-06-01T14:14:52.916Z	place	united-states	no-exact-label
2026-06-01T14:14:52.936Z	place	confederate-states-of-america	no-exact-label
2026-06-01T14:14:52.940Z	place	german-empire	no-exact-label
2026-06-01T14:14:52.949Z	place	nazi-germany	no-exact-label
2026-06-01T14:14:52.954Z	place	austria-hungary	no-exact-label
2026-06-01T14:14:58.605Z	place	carthage	query-failed
2026-06-01T14:14:58.660Z	place	umayyad-caliphate	query-failed
2026-06-01T14:14:58.665Z	place	sasanian-empire	query-failed
2026-06-01T14:14:58.680Z	place	han-dynasty	query-failed
2026-06-01T14:14:58.685Z	place	kingdom-of-aksum	query-failed
2026-06-01T14:14:58.687Z	place	rashidun-caliphate	query-failed
2026-06-01T14:14:58.689Z	place	abbasid-caliphate	query-failed
2026-06-01T14:14:58.698Z	place	frankish-kingdom	query-failed
2026-06-01T14:14:59.847Z	place	carthage	no-exact-label
2026-06-01T14:14:59.924Z	place	umayyad-caliphate	no-exact-label
2026-06-01T14:14:59.930Z	place	sasanian-empire	no-exact-label
2026-06-01T14:14:59.939Z	place	han-dynasty	no-exact-label
2026-06-01T14:14:59.941Z	place	kingdom-of-aksum	no-exact-label
2026-06-01T14:14:59.944Z	place	rashidun-caliphate	no-exact-label
2026-06-01T14:14:59.980Z	place	abbasid-caliphate	no-exact-label
2026-06-01T14:14:59.994Z	place	frankish-kingdom	no-exact-label
2026-06-01T14:15:03.097Z	place	carolingian-empire	query-failed
2026-06-01T14:15:03.099Z	place	mongol-empire	query-failed
2026-06-01T14:15:03.101Z	place	holy-roman-empire	query-failed
2026-06-01T14:15:03.103Z	place	tang-dynasty	query-failed
2026-06-01T14:15:03.104Z	place	golden-horde	query-failed
2026-06-01T14:15:03.104Z	place	tibetan-empire	query-failed
2026-06-01T14:15:03.158Z	place	ilkhanate	query-failed
2026-06-01T14:15:03.159Z	place	timurid-empire	query-failed
2026-06-01T14:15:04.328Z	place	holy-roman-empire	no-exact-label
2026-06-01T14:15:04.330Z	place	tang-dynasty	no-exact-label
2026-06-01T14:15:04.332Z	place	golden-horde	no-exact-label
2026-06-01T14:15:04.333Z	place	tibetan-empire	no-exact-label
2026-06-01T14:15:04.386Z	place	ilkhanate	no-exact-label
2026-06-01T14:15:04.387Z	place	timurid-empire	no-exact-label
2026-06-01T14:15:05.654Z	place	carolingian-empire	no-exact-label
2026-06-01T14:15:06.882Z	place	mongol-empire	no-exact-label
2026-06-01T18:18:00.917Z	place	ptolemaic-kingdom	query-failed
2026-06-01T18:18:00.936Z	place	mali-empire	no-enwiki
2026-06-01T18:18:04.031Z	person	kublai-khan	query-failed
2026-06-01T18:18:04.043Z	person	cyrus-the-great	query-failed
2026-06-01T18:18:04.053Z	person	akbar	query-failed
2026-06-01T18:18:04.056Z	person	suleiman-the-magnificent	query-failed
2026-06-01T18:18:04.065Z	person	hannibal	query-failed
2026-06-01T18:18:04.066Z	person	ramesses-ii	query-failed
2026-06-01T18:18:04.073Z	place	macedonian-empire	query-failed
2026-06-01T18:18:04.075Z	place	achaemenid-empire	query-failed
2026-06-01T18:18:05.265Z	person	kublai-khan	no-exact-label
2026-06-01T18:18:05.273Z	person	cyrus-the-great	no-exact-label
2026-06-01T18:18:05.284Z	person	akbar	no-exact-label
2026-06-01T18:18:05.287Z	person	suleiman-the-magnificent	no-exact-label
2026-06-01T18:18:05.300Z	person	hannibal	no-exact-label
2026-06-01T18:18:05.303Z	person	ramesses-ii	no-exact-label
2026-06-01T18:18:05.304Z	place	macedonian-empire	no-exact-label
2026-06-01T18:18:05.308Z	place	achaemenid-empire	no-exact-label
2026-06-01T18:18:05.497Z	event	crusades	query-failed
2026-06-01T18:18:05.500Z	event	age-of-discovery	query-failed
2026-06-01T18:18:05.502Z	event	battle-of-marathon	query-failed
2026-06-01T18:18:05.503Z	event	mongol-invasion-of-europe	query-failed
2026-06-01T18:18:05.504Z	event	black-death	query-failed
2026-06-01T18:18:06.727Z	event	crusades	no-exact-label
2026-06-01T18:18:06.729Z	event	black-death	no-exact-label
2026-06-01T18:18:06.733Z	event	age-of-discovery	no-exact-label
2026-06-01T18:18:06.734Z	event	mongol-invasion-of-europe	no-exact-label
2026-06-01T18:18:06.740Z	event	battle-of-marathon	no-exact-label
2026-06-01T18:18:10.400Z	place	delhi-sultanate	query-failed
2026-06-01T18:18:10.449Z	place	papal-states	query-failed
2026-06-01T18:18:10.451Z	place	republic-of-venice	query-failed
2026-06-01T18:18:10.454Z	place	kingdom-of-england	query-failed
2026-06-01T18:18:10.455Z	place	inca-empire	query-failed
2026-06-01T18:18:10.465Z	place	kingdom-of-france	query-failed
2026-06-01T18:18:10.467Z	place	aztec-empire	query-failed
2026-06-01T18:18:10.468Z	place	kingdom-of-scotland	query-failed
2026-06-01T18:18:11.309Z	place	habsburg-monarchy	query-failed
2026-06-01T18:18:11.630Z	place	delhi-sultanate	no-exact-label
2026-06-01T18:18:11.677Z	place	papal-states	no-exact-label
2026-06-01T18:18:11.682Z	place	kingdom-of-england	no-exact-label
2026-06-01T18:18:11.683Z	place	republic-of-venice	no-exact-label
2026-06-01T18:18:11.685Z	place	inca-empire	no-exact-label
2026-06-01T18:18:11.696Z	place	aztec-empire	no-exact-label
2026-06-01T18:18:11.698Z	place	kingdom-of-france	no-exact-label
2026-06-01T18:18:11.700Z	place	kingdom-of-scotland	no-exact-label
2026-06-01T18:18:14.382Z	place	safavid-empire	query-failed
2026-06-01T18:18:14.384Z	place	mughal-empire	query-failed
2026-06-01T18:18:14.386Z	place	poland	query-failed
2026-06-01T18:18:14.389Z	place	safavid-dynasty	query-failed
2026-06-01T18:18:14.390Z	place	polish-lithuanian-commonwealth	query-failed
2026-06-01T18:18:14.395Z	place	ottoman-empire	query-failed
2026-06-01T18:18:14.398Z	place	vijayanagara-empire	query-failed
2026-06-01T18:18:14.409Z	place	polishlithuanian-commonwealth	query-failed
2026-06-01T18:18:15.626Z	place	poland	no-exact-label
2026-06-01T18:18:15.629Z	place	safavid-empire	no-exact-label
2026-06-01T18:18:15.631Z	place	mughal-empire	no-exact-label
2026-06-01T18:18:15.633Z	place	polish-lithuanian-commonwealth	no-exact-label
2026-06-01T18:18:15.634Z	place	safavid-dynasty	no-exact-label
2026-06-01T18:18:15.634Z	place	ottoman-empire	no-exact-label
2026-06-01T18:18:15.636Z	place	vijayanagara-empire	no-exact-label
2026-06-01T18:18:15.692Z	place	polishlithuanian-commonwealth	no-exact-label
2026-06-01T18:18:19.637Z	place	han-dynasty	query-failed
2026-06-01T18:18:19.698Z	place	sasanian-empire	query-failed
2026-06-01T18:18:19.699Z	place	umayyad-caliphate	query-failed
2026-06-01T18:18:19.705Z	place	carthage	query-failed
2026-06-01T18:18:19.708Z	place	kingdom-of-aksum	query-failed
2026-06-01T18:18:19.709Z	place	frankish-kingdom	query-failed
2026-06-01T18:18:19.716Z	place	rashidun-caliphate	query-failed
2026-06-01T18:18:19.717Z	place	abbasid-caliphate	query-failed
2026-06-01T18:18:20.895Z	place	han-dynasty	no-exact-label
2026-06-01T18:18:20.925Z	place	sasanian-empire	no-exact-label
2026-06-01T18:18:20.929Z	place	umayyad-caliphate	no-exact-label
2026-06-01T18:18:20.935Z	place	carthage	no-exact-label
2026-06-01T18:18:20.938Z	place	kingdom-of-aksum	no-exact-label
2026-06-01T18:18:20.940Z	place	frankish-kingdom	no-exact-label
2026-06-01T18:18:20.947Z	place	rashidun-caliphate	no-exact-label
2026-06-01T18:18:20.948Z	place	abbasid-caliphate	no-exact-label
2026-06-01T18:18:23.575Z	place	carolingian-empire	query-failed
2026-06-01T18:18:23.576Z	place	golden-horde	query-failed
2026-06-01T18:18:23.579Z	place	tibetan-empire	query-failed
2026-06-01T18:18:23.580Z	place	timurid-empire	query-failed
2026-06-01T18:18:23.582Z	place	tang-dynasty	query-failed
2026-06-01T18:18:23.585Z	place	ilkhanate	query-failed
2026-06-01T18:18:23.587Z	place	holy-roman-empire	query-failed
2026-06-01T18:18:23.589Z	place	mongol-empire	query-failed
2026-06-01T18:18:24.812Z	place	golden-horde	no-exact-label
2026-06-01T18:18:24.814Z	place	timurid-empire	no-exact-label
2026-06-01T18:18:24.818Z	place	tibetan-empire	no-exact-label
2026-06-01T18:18:24.820Z	place	tang-dynasty	no-exact-label
2026-06-01T18:18:24.823Z	place	holy-roman-empire	no-exact-label
2026-06-01T18:18:24.825Z	place	ilkhanate	no-exact-label
2026-06-01T18:18:26.061Z	place	carolingian-empire	no-exact-label
2026-06-01T18:18:27.371Z	place	mongol-empire	wrong-type
2026-06-01T18:18:32.293Z	place	france	query-failed
2026-06-01T18:18:32.348Z	place	german-empire	query-failed
2026-06-01T18:18:32.351Z	place	austria-hungary	query-failed
2026-06-01T18:18:32.353Z	place	nazi-germany	query-failed
2026-06-01T18:18:32.355Z	place	united-kingdom	query-failed
2026-06-01T18:18:32.357Z	place	united-states	query-failed
2026-06-01T18:18:32.364Z	place	mexico	query-failed
2026-06-01T18:18:32.366Z	place	confederate-states-of-america	query-failed
2026-06-01T18:18:33.531Z	place	france	no-exact-label
2026-06-01T18:18:33.581Z	place	austria-hungary	no-exact-label
2026-06-01T18:18:33.584Z	place	nazi-germany	no-exact-label
2026-06-01T18:18:33.586Z	place	german-empire	no-exact-label
2026-06-01T18:18:33.588Z	place	united-kingdom	no-exact-label
2026-06-01T18:18:33.588Z	place	united-states	no-exact-label
2026-06-01T18:18:33.599Z	place	mexico	no-exact-label
2026-06-01T18:18:33.600Z	place	confederate-states-of-america	no-exact-label
2026-06-01T19:43:28.356Z	place	mali-empire	no-enwiki
2026-06-01T19:43:28.533Z	place	ptolemaic-kingdom	query-failed
2026-06-01T19:43:31.008Z	person	cyrus-the-great	query-failed
2026-06-01T19:43:31.011Z	person	hannibal	query-failed
2026-06-01T19:43:31.012Z	person	kublai-khan	query-failed
2026-06-01T19:43:31.014Z	person	suleiman-the-magnificent	query-failed
2026-06-01T19:43:31.017Z	place	macedonian-empire	query-failed
2026-06-01T19:43:31.025Z	place	achaemenid-empire	query-failed
2026-06-01T19:43:32.211Z	event	black-death	query-failed
2026-06-01T19:43:32.215Z	event	age-of-discovery	query-failed
2026-06-01T19:43:32.216Z	event	mongol-invasion-of-europe	query-failed
2026-06-01T19:43:32.217Z	event	crusades	query-failed
2026-06-01T19:43:32.217Z	event	battle-of-marathon	query-failed
2026-06-01T19:43:32.238Z	person	cyrus-the-great	no-exact-label
2026-06-01T19:43:32.244Z	person	kublai-khan	no-exact-label
2026-06-01T19:43:32.245Z	person	suleiman-the-magnificent	no-exact-label
2026-06-01T19:43:32.250Z	person	hannibal	no-exact-label
2026-06-01T19:43:32.252Z	place	macedonian-empire	no-exact-label
2026-06-01T19:43:32.255Z	place	achaemenid-empire	no-exact-label
2026-06-01T19:43:33.439Z	event	black-death	no-exact-label
2026-06-01T19:43:33.442Z	event	age-of-discovery	no-exact-label
2026-06-01T19:43:33.445Z	event	mongol-invasion-of-europe	no-exact-label
2026-06-01T19:43:33.447Z	event	battle-of-marathon	no-exact-label
2026-06-01T19:43:33.451Z	event	crusades	no-exact-label
2026-06-01T19:43:36.837Z	place	habsburg-monarchy	query-failed
2026-06-01T19:43:36.897Z	place	delhi-sultanate	query-failed
2026-06-01T19:43:37.014Z	place	papal-states	query-failed
2026-06-01T19:43:37.017Z	place	republic-of-venice	query-failed
2026-06-01T19:43:37.018Z	place	aztec-empire	query-failed
2026-06-01T19:43:37.020Z	place	kingdom-of-france	query-failed
2026-06-01T19:43:37.021Z	place	kingdom-of-scotland	query-failed
2026-06-01T19:43:37.022Z	place	inca-empire	query-failed
2026-06-01T19:43:37.023Z	place	kingdom-of-england	query-failed
2026-06-01T19:43:38.128Z	place	delhi-sultanate	no-exact-label
2026-06-01T19:43:38.246Z	place	papal-states	no-exact-label
2026-06-01T19:43:38.249Z	place	aztec-empire	no-exact-label
2026-06-01T19:43:38.252Z	place	republic-of-venice	no-exact-label
2026-06-01T19:43:38.256Z	place	kingdom-of-france	no-exact-label
2026-06-01T19:43:38.257Z	place	kingdom-of-scotland	no-exact-label
2026-06-01T19:43:38.258Z	place	inca-empire	no-exact-label
2026-06-01T19:43:38.260Z	place	kingdom-of-england	no-exact-label
2026-06-01T19:43:40.935Z	place	ottoman-empire	query-failed
2026-06-01T19:43:40.938Z	place	polish-lithuanian-commonwealth	query-failed
2026-06-01T19:43:40.940Z	place	poland	query-failed
2026-06-01T19:43:40.941Z	place	safavid-dynasty	query-failed
2026-06-01T19:43:40.943Z	place	safavid-empire	query-failed
2026-06-01T19:43:40.945Z	place	mughal-empire	query-failed
2026-06-01T19:43:40.947Z	place	vijayanagara-empire	query-failed
2026-06-01T19:43:40.951Z	place	polishlithuanian-commonwealth	query-failed
2026-06-01T19:43:42.172Z	place	ottoman-empire	no-exact-label
2026-06-01T19:43:42.173Z	place	poland	no-exact-label
2026-06-01T19:43:42.174Z	place	polish-lithuanian-commonwealth	no-exact-label
2026-06-01T19:43:42.176Z	place	safavid-dynasty	no-exact-label
2026-06-01T19:43:42.179Z	place	safavid-empire	no-exact-label
2026-06-01T19:43:42.182Z	place	vijayanagara-empire	no-exact-label
2026-06-01T19:43:42.184Z	place	mughal-empire	no-exact-label
2026-06-01T19:43:42.227Z	place	polishlithuanian-commonwealth	no-exact-label
2026-06-01T19:43:43.587Z	place	han-dynasty	query-failed
2026-06-01T19:43:43.639Z	place	carthage	query-failed
2026-06-01T19:43:43.642Z	place	umayyad-caliphate	query-failed
2026-06-01T19:43:43.644Z	place	kingdom-of-aksum	query-failed
2026-06-01T19:43:43.646Z	place	rashidun-caliphate	query-failed
2026-06-01T19:43:43.652Z	place	abbasid-caliphate	query-failed
2026-06-01T19:43:43.653Z	place	frankish-kingdom	query-failed
2026-06-01T19:43:43.653Z	place	sasanian-empire	query-failed
2026-06-01T19:43:44.819Z	place	han-dynasty	no-exact-label
2026-06-01T19:43:44.870Z	place	carthage	no-exact-label
2026-06-01T19:43:44.897Z	place	umayyad-caliphate	no-exact-label
2026-06-01T19:43:44.898Z	place	rashidun-caliphate	no-exact-label
2026-06-01T19:43:44.899Z	place	frankish-kingdom	no-exact-label
2026-06-01T19:43:44.900Z	place	abbasid-caliphate	no-exact-label
2026-06-01T19:43:44.902Z	place	sasanian-empire	no-exact-label
2026-06-01T19:43:44.908Z	place	kingdom-of-aksum	no-exact-label
2026-06-01T19:43:47.613Z	place	tibetan-empire	query-failed
2026-06-01T19:43:47.615Z	place	mongol-empire	query-failed
2026-06-01T19:43:47.618Z	place	tang-dynasty	query-failed
2026-06-01T19:43:47.621Z	place	ilkhanate	query-failed
2026-06-01T19:43:47.622Z	place	golden-horde	query-failed
2026-06-01T19:43:47.623Z	place	carolingian-empire	query-failed
2026-06-01T19:43:47.623Z	place	timurid-empire	query-failed
2026-06-01T19:43:47.628Z	place	holy-roman-empire	query-failed
2026-06-01T19:43:48.850Z	place	tibetan-empire	no-exact-label
2026-06-01T19:43:48.851Z	place	tang-dynasty	no-exact-label
2026-06-01T19:43:48.852Z	place	golden-horde	no-exact-label
2026-06-01T19:43:48.859Z	place	timurid-empire	no-exact-label
2026-06-01T19:43:48.864Z	place	holy-roman-empire	no-exact-label
2026-06-01T19:43:48.865Z	place	ilkhanate	no-exact-label
2026-06-01T19:43:50.102Z	place	carolingian-empire	no-exact-label
2026-06-01T19:43:51.343Z	place	mongol-empire	wrong-type
2026-06-01T19:44:14.568Z	place	austria-hungary	query-failed
2026-06-01T19:44:14.569Z	place	confederate-states-of-america	query-failed
2026-06-01T19:44:14.576Z	place	united-states	query-failed
2026-06-01T19:44:14.580Z	place	mexico	query-failed
2026-06-01T19:44:14.584Z	place	german-empire	query-failed
2026-06-01T19:44:14.591Z	place	united-kingdom	query-failed
2026-06-01T19:44:15.793Z	place	austria-hungary	no-exact-label
2026-06-01T19:44:15.795Z	place	confederate-states-of-america	no-exact-label
2026-06-01T19:44:15.800Z	place	united-states	no-exact-label
2026-06-01T19:44:15.804Z	place	mexico	no-exact-label
2026-06-01T19:44:15.808Z	place	german-empire	no-exact-label
2026-06-01T19:44:15.816Z	place	united-kingdom	no-exact-label
